// Jest Snapshot v1, https://goo.gl/fbAQLP

exports[`jsonPreview snapshot json preview 1`] = `
<span>
  <span
    className="surroundChar--start"
  >
    {
  </span>
  <details
    open={true}
  >
    <summary />
    <span
      className="jsonObject"
    >
      <span
        className="jsonKey"
      >
        posts
      </span>
      <span
        className="jsonMiddleKey"
      >
        <span>
          <span
            className="surroundChar--start"
          >
            [
          </span>
          <details
            open={true}
          >
            <summary />
            <span
              className="jsonObject"
            >
              <span
                className="jsonKey"
              >
                0
              </span>
              <span
                className="jsonMiddleKey"
              >
                <span>
                  <span
                    className="surroundChar--start"
                  >
                    {
                  </span>
                  <details
                    open={true}
                  >
                    <summary />
                    <span
                      className="jsonObject"
                    >
                      <span
                        className="jsonKey"
                      >
                        id
                      </span>
                      <span
                        className="jsonValue"
                      >
                        <span
                          className="jsonValue--number"
                        >
                          1
                        </span>
                      </span>
                      <span
                        className="jsonKey"
                      >
                        title
                      </span>
                      <span
                        className="jsonValue"
                      >
                        <span
                          className="jsonValue--string"
                        >
                          json-server
                        </span>
                      </span>
                      <span
                        className="jsonKey"
                      >
                        author
                      </span>
                      <span
                        className="jsonValue"
                      >
                        <span
                          className="jsonValue--string"
                        >
                          typicode
                        </span>
                      </span>
                    </span>
                  </details>
                  <span
                    className="surroundChar--end"
                  >
                    }
                  </span>
                </span>
              </span>
            </span>
          </details>
          <span
            className="surroundChar--end"
          >
            ]
          </span>
        </span>
      </span>
      <span
        className="jsonKey"
      >
        comments
      </span>
      <span
        className="jsonMiddleKey"
      >
        <span>
          <span
            className="surroundChar--start"
          >
            [
          </span>
          <details
            open={true}
          >
            <summary />
            <span
              className="jsonObject"
            >
              <span
                className="jsonKey"
              >
                0
              </span>
              <span
                className="jsonMiddleKey"
              >
                <span>
                  <span
                    className="surroundChar--start"
                  >
                    {
                  </span>
                  <details
                    open={true}
                  >
                    <summary />
                    <span
                      className="jsonObject"
                    >
                      <span
                        className="jsonKey"
                      >
                        id
                      </span>
                      <span
                        className="jsonValue"
                      >
                        <span
                          className="jsonValue--number"
                        >
                          1
                        </span>
                      </span>
                      <span
                        className="jsonKey"
                      >
                        body
                      </span>
                      <span
                        className="jsonValue"
                      >
                        <span
                          className="jsonValue--string"
                        >
                          some comment
                        </span>
                      </span>
                      <span
                        className="jsonKey"
                      >
                        postId
                      </span>
                      <span
                        className="jsonValue"
                      >
                        <span
                          className="jsonValue--number"
                        >
                          1
                        </span>
                      </span>
                    </span>
                  </details>
                  <span
                    className="surroundChar--end"
                  >
                    }
                  </span>
                </span>
              </span>
            </span>
          </details>
          <span
            className="surroundChar--end"
          >
            ]
          </span>
        </span>
      </span>
      <span
        className="jsonKey"
      >
        profile
      </span>
      <span
        className="jsonMiddleKey"
      >
        <span>
          <span
            className="surroundChar--start"
          >
            {
          </span>
          <details
            open={true}
          >
            <summary />
            <span
              className="jsonObject"
            >
              <span
                className="jsonKey"
              >
                name
              </span>
              <span
                className="jsonValue"
              >
                <span
                  className="jsonValue--string"
                >
                  John Doe
                </span>
              </span>
              <span
                className="jsonKey"
              >
                age
              </span>
              <span
                className="jsonValue"
              >
                <span
                  className="jsonValue--number"
                >
                  30
                </span>
              </span>
              <span
                className="jsonKey"
              >
                url
              </span>
              <span
                className="jsonValue"
              >
                <span
                  className="jsonValue--string"
                >
                  https://example.com
                </span>
              </span>
              <span
                className="jsonKey"
              >
                address
              </span>
              <span
                className="jsonMiddleKey"
              >
                <span>
                  <span
                    className="surroundChar--start"
                  >
                    {
                  </span>
                  <details
                    open={true}
                  >
                    <summary />
                    <span
                      className="jsonObject"
                    >
                      <span
                        className="jsonKey"
                      >
                        city
                      </span>
                      <span
                        className="jsonValue"
                      >
                        <span
                          className="jsonValue--string"
                        >
                          New York
                        </span>
                      </span>
                      <span
                        className="jsonKey"
                      >
                        postal_code
                      </span>
                      <span
                        className="jsonValue"
                      >
                        <span
                          className="jsonValue--string"
                        >
                          10001
                        </span>
                      </span>
                      <span
                        className="jsonKey"
                      >
                        street
                      </span>
                      <span
                        className="jsonMiddleKey"
                      >
                        <span>
                          <span
                            className="surroundChar--start"
                          >
                            {
                          </span>
                          <details
                            open={true}
                          >
                            <summary />
                            <span
                              className="jsonObject"
                            >
                              <span
                                className="jsonKey"
                              >
                                name
                              </span>
                              <span
                                className="jsonValue"
                              >
                                <span
                                  className="jsonValue--string"
                                >
                                  Broadway
                                </span>
                              </span>
                              <span
                                className="jsonKey"
                              >
                                number
                              </span>
                              <span
                                className="jsonValue"
                              >
                                <span
                                  className="jsonValue--number"
                                >
                                  123
                                </span>
                              </span>
                              <span
                                className="jsonKey"
                              >
                                apartment
                              </span>
                              <span
                                className="jsonMiddleKey"
                              >
                                <span>
                                  <span
                                    className="surroundChar--start"
                                  >
                                    {
                                  </span>
                                  <details
                                    open={true}
                                  >
                                    <summary />
                                    <span
                                      className="jsonObject"
                                    >
                                      <span
                                        className="jsonKey"
                                      >
                                        floor
                                      </span>
                                      <span
                                        className="jsonValue"
                                      >
                                        <span
                                          className="jsonValue--number"
                                        >
                                          5
                                        </span>
                                      </span>
                                      <span
                                        className="jsonKey"
                                      >
                                        number
                                      </span>
                                      <span
                                        className="jsonValue"
                                      >
                                        <span
                                          className="jsonValue--number"
                                        >
                                          502
                                        </span>
                                      </span>
                                    </span>
                                  </details>
                                  <span
                                    className="surroundChar--end"
                                  >
                                    }
                                  </span>
                                </span>
                              </span>
                            </span>
                          </details>
                          <span
                            className="surroundChar--end"
                          >
                            }
                          </span>
                        </span>
                      </span>
                    </span>
                  </details>
                  <span
                    className="surroundChar--end"
                  >
                    }
                  </span>
                </span>
              </span>
              <span
                className="jsonKey"
              >
                contact
              </span>
              <span
                className="jsonMiddleKey"
              >
                <span>
                  <span
                    className="surroundChar--start"
                  >
                    {
                  </span>
                  <details
                    open={true}
                  >
                    <summary />
                    <span
                      className="jsonObject"
                    >
                      <span
                        className="jsonKey"
                      >
                        email
                      </span>
                      <span
                        className="jsonValue"
                      >
                        <span
                          className="jsonValue--string"
                        >
                          john.doe@example.com
                        </span>
                      </span>
                      <span
                        className="jsonKey"
                      >
                        phone
                      </span>
                      <span
                        className="jsonMiddleKey"
                      >
                        <span>
                          <span
                            className="surroundChar--start"
                          >
                            {
                          </span>
                          <details
                            open={true}
                          >
                            <summary />
                            <span
                              className="jsonObject"
                            >
                              <span
                                className="jsonKey"
                              >
                                home
                              </span>
                              <span
                                className="jsonValue"
                              >
                                <span
                                  className="jsonValue--string"
                                >
                                  123-456-7890
                                </span>
                              </span>
                              <span
                                className="jsonKey"
                              >
                                work
                              </span>
                              <span
                                className="jsonValue"
                              >
                                <span
                                  className="jsonValue--string"
                                >
                                  987-654-3210
                                </span>
                              </span>
                            </span>
                          </details>
                          <span
                            className="surroundChar--end"
                          >
                            }
                          </span>
                        </span>
                      </span>
                    </span>
                  </details>
                  <span
                    className="surroundChar--end"
                  >
                    }
                  </span>
                </span>
              </span>
              <span
                className="jsonKey"
              >
                interests
              </span>
              <span
                className="jsonMiddleKey"
              >
                <span>
                  <span
                    className="surroundChar--start"
                  >
                    [
                  </span>
                  <details
                    open={true}
                  >
                    <summary />
                    <span
                      className="jsonObject"
                    >
                      <span
                        className="jsonKey"
                      >
                        0
                      </span>
                      <span
                        className="jsonValue"
                      >
                        <span
                          className="jsonValue--string"
                        >
                          programming
                        </span>
                      </span>
                      <span
                        className="jsonKey"
                      >
                        1
                      </span>
                      <span
                        className="jsonValue"
                      >
                        <span
                          className="jsonValue--string"
                        >
                          hiking
                        </span>
                      </span>
                      <span
                        className="jsonKey"
                      >
                        2
                      </span>
                      <span
                        className="jsonValue"
                      >
                        <span
                          className="jsonValue--string"
                        >
                          reading
                        </span>
                      </span>
                    </span>
                  </details>
                  <span
                    className="surroundChar--end"
                  >
                    ]
                  </span>
                </span>
              </span>
              <span
                className="jsonKey"
              >
                test
              </span>
              <span
                className="jsonMiddleKey"
              >
                <span>
                  <span
                    className="surroundChar--start"
                  >
                    [
                  </span>
                  <details
                    open={true}
                  >
                    <summary />
                    <span
                      className="jsonObject"
                    >
                      <span
                        className="jsonKey"
                      >
                        0
                      </span>
                      <span
                        className="jsonMiddleKey"
                      >
                        <span>
                          <span
                            className="surroundChar--start"
                          >
                            {
                          </span>
                          <details
                            open={true}
                          >
                            <summary />
                            <span
                              className="jsonObject"
                            >
                              <span
                                className="jsonKey"
                              >
                                a
                              </span>
                              <span
                                className="jsonValue"
                              >
                                <span
                                  className="jsonValue--number"
                                >
                                  1
                                </span>
                              </span>
                            </span>
                          </details>
                          <span
                            className="surroundChar--end"
                          >
                            }
                          </span>
                        </span>
                      </span>
                      <span
                        className="jsonKey"
                      >
                        1
                      </span>
                      <span
                        className="jsonMiddleKey"
                      >
                        <span>
                          <span
                            className="surroundChar--start"
                          >
                            {
                          </span>
                          <details
                            open={true}
                          >
                            <summary />
                            <span
                              className="jsonObject"
                            >
                              <span
                                className="jsonKey"
                              >
                                a
                              </span>
                              <span
                                className="jsonValue"
                              >
                                <span
                                  className="jsonValue--number"
                                >
                                  2
                                </span>
                              </span>
                            </span>
                          </details>
                          <span
                            className="surroundChar--end"
                          >
                            }
                          </span>
                        </span>
                      </span>
                      <span
                        className="jsonKey"
                      >
                        2
                      </span>
                      <span
                        className="jsonMiddleKey"
                      >
                        <span>
                          <span
                            className="surroundChar--start"
                          >
                            {
                          </span>
                          <details
                            open={true}
                          >
                            <summary />
                            <span
                              className="jsonObject"
                            >
                              <span
                                className="jsonKey"
                              >
                                a
                              </span>
                              <span
                                className="jsonValue"
                              >
                                <span
                                  className="jsonValue--number"
                                >
                                  3
                                </span>
                              </span>
                            </span>
                          </details>
                          <span
                            className="surroundChar--end"
                          >
                            }
                          </span>
                        </span>
                      </span>
                    </span>
                  </details>
                  <span
                    className="surroundChar--end"
                  >
                    ]
                  </span>
                </span>
              </span>
            </span>
          </details>
          <span
            className="surroundChar--end"
          >
            }
          </span>
        </span>
      </span>
    </span>
  </details>
  <span
    className="surroundChar--end"
  >
    }
  </span>
</span>
`;
