// Jest Snapshot v1, https://goo.gl/fbAQLP

exports[`jsonPreview snapshot json preview 1`] = `
[
  <div
    className="jsonMiddleWrapper"
  >
    <span
      className="surroundChar--start"
    >
      {
    </span>
    <details
      className="jsonObjectDetail"
      open={true}
    >
      <summary
        className="jsonObjectSummary"
      >
        {
        3
        }
      </summary>
      <span
        className="jsonObject"
      >
        <div
          className="jsonRow"
        >
          <span
            className="jsonMiddleKey"
          >
            posts
          </span>
          <div
            className="jsonMiddleValue"
          >
            <div
              className="jsonMiddleWrapper"
            >
              <span
                className="surroundChar--start"
              >
                [
              </span>
              <details
                className="jsonObjectDetail"
                open={true}
              >
                <summary
                  className="jsonObjectSummary"
                >
                  [
                  1
                  ]
                </summary>
                <span
                  className="jsonObject"
                >
                  <div
                    className="jsonRow"
                  >
                    <span
                      className="jsonMiddleKey"
                    >
                      0
                    </span>
                    <div
                      className="jsonMiddleValue"
                    >
                      <div
                        className="jsonMiddleWrapper"
                      >
                        <span
                          className="surroundChar--start"
                        >
                          {
                        </span>
                        <details
                          className="jsonObjectDetail"
                          open={true}
                        >
                          <summary
                            className="jsonObjectSummary"
                          >
                            {
                            3
                            }
                          </summary>
                          <span
                            className="jsonObject"
                          >
                            <div
                              className="jsonRow"
                            >
                              <span
                                className="jsonKey"
                              >
                                id
                              </span>
                              <span
                                className="jsonValue"
                              >
                                <span
                                  className="jsonValue--number"
                                >
                                  1
                                </span>
                              </span>
                            </div>
                            <div
                              className="jsonRow"
                            >
                              <span
                                className="jsonKey"
                              >
                                title
                              </span>
                              <span
                                className="jsonValue"
                              >
                                <span
                                  className="jsonValue--string"
                                >
                                  json-server
                                </span>
                              </span>
                            </div>
                            <div
                              className="jsonRow"
                            >
                              <span
                                className="jsonKey"
                              >
                                author
                              </span>
                              <span
                                className="jsonValue"
                              >
                                <span
                                  className="jsonValue--string"
                                >
                                  typicode
                                </span>
                              </span>
                            </div>
                          </span>
                        </details>
                      </div>
                      <span>
                        }
                      </span>
                    </div>
                  </div>
                </span>
              </details>
            </div>
            <span>
              ]
            </span>
          </div>
        </div>
        <div
          className="jsonRow"
        >
          <span
            className="jsonMiddleKey"
          >
            comments
          </span>
          <div
            className="jsonMiddleValue"
          >
            <div
              className="jsonMiddleWrapper"
            >
              <span
                className="surroundChar--start"
              >
                [
              </span>
              <details
                className="jsonObjectDetail"
                open={true}
              >
                <summary
                  className="jsonObjectSummary"
                >
                  [
                  1
                  ]
                </summary>
                <span
                  className="jsonObject"
                >
                  <div
                    className="jsonRow"
                  >
                    <span
                      className="jsonMiddleKey"
                    >
                      0
                    </span>
                    <div
                      className="jsonMiddleValue"
                    >
                      <div
                        className="jsonMiddleWrapper"
                      >
                        <span
                          className="surroundChar--start"
                        >
                          {
                        </span>
                        <details
                          className="jsonObjectDetail"
                          open={true}
                        >
                          <summary
                            className="jsonObjectSummary"
                          >
                            {
                            3
                            }
                          </summary>
                          <span
                            className="jsonObject"
                          >
                            <div
                              className="jsonRow"
                            >
                              <span
                                className="jsonKey"
                              >
                                id
                              </span>
                              <span
                                className="jsonValue"
                              >
                                <span
                                  className="jsonValue--number"
                                >
                                  1
                                </span>
                              </span>
                            </div>
                            <div
                              className="jsonRow"
                            >
                              <span
                                className="jsonKey"
                              >
                                body
                              </span>
                              <span
                                className="jsonValue"
                              >
                                <span
                                  className="jsonValue--string"
                                >
                                  some comment
                                </span>
                              </span>
                            </div>
                            <div
                              className="jsonRow"
                            >
                              <span
                                className="jsonKey"
                              >
                                postId
                              </span>
                              <span
                                className="jsonValue"
                              >
                                <span
                                  className="jsonValue--number"
                                >
                                  1
                                </span>
                              </span>
                            </div>
                          </span>
                        </details>
                      </div>
                      <span>
                        }
                      </span>
                    </div>
                  </div>
                </span>
              </details>
            </div>
            <span>
              ]
            </span>
          </div>
        </div>
        <div
          className="jsonRow"
        >
          <span
            className="jsonMiddleKey"
          >
            profile
          </span>
          <div
            className="jsonMiddleValue"
          >
            <div
              className="jsonMiddleWrapper"
            >
              <span
                className="surroundChar--start"
              >
                {
              </span>
              <details
                className="jsonObjectDetail"
                open={true}
              >
                <summary
                  className="jsonObjectSummary"
                >
                  {
                  7
                  }
                </summary>
                <span
                  className="jsonObject"
                >
                  <div
                    className="jsonRow"
                  >
                    <span
                      className="jsonKey"
                    >
                      name
                    </span>
                    <span
                      className="jsonValue"
                    >
                      <span
                        className="jsonValue--string"
                      >
                        John Doe
                      </span>
                    </span>
                  </div>
                  <div
                    className="jsonRow"
                  >
                    <span
                      className="jsonKey"
                    >
                      age
                    </span>
                    <span
                      className="jsonValue"
                    >
                      <span
                        className="jsonValue--number"
                      >
                        30
                      </span>
                    </span>
                  </div>
                  <div
                    className="jsonRow"
                  >
                    <span
                      className="jsonKey"
                    >
                      url
                    </span>
                    <span
                      className="jsonValue"
                    >
                      <span
                        className="jsonValue--string"
                      >
                        https://example.com
                      </span>
                    </span>
                  </div>
                  <div
                    className="jsonRow"
                  >
                    <span
                      className="jsonMiddleKey"
                    >
                      address
                    </span>
                    <div
                      className="jsonMiddleValue"
                    >
                      <div
                        className="jsonMiddleWrapper"
                      >
                        <span
                          className="surroundChar--start"
                        >
                          {
                        </span>
                        <details
                          className="jsonObjectDetail"
                          open={true}
                        >
                          <summary
                            className="jsonObjectSummary"
                          >
                            {
                            3
                            }
                          </summary>
                          <span
                            className="jsonObject"
                          >
                            <div
                              className="jsonRow"
                            >
                              <span
                                className="jsonKey"
                              >
                                city
                              </span>
                              <span
                                className="jsonValue"
                              >
                                <span
                                  className="jsonValue--string"
                                >
                                  New York
                                </span>
                              </span>
                            </div>
                            <div
                              className="jsonRow"
                            >
                              <span
                                className="jsonKey"
                              >
                                postal_code
                              </span>
                              <span
                                className="jsonValue"
                              >
                                <span
                                  className="jsonValue--string"
                                >
                                  10001
                                </span>
                              </span>
                            </div>
                            <div
                              className="jsonRow"
                            >
                              <span
                                className="jsonMiddleKey"
                              >
                                street
                              </span>
                              <div
                                className="jsonMiddleValue"
                              >
                                <div
                                  className="jsonMiddleWrapper"
                                >
                                  <span
                                    className="surroundChar--start"
                                  >
                                    {
                                  </span>
                                  <details
                                    className="jsonObjectDetail"
                                    open={true}
                                  >
                                    <summary
                                      className="jsonObjectSummary"
                                    >
                                      {
                                      3
                                      }
                                    </summary>
                                    <span
                                      className="jsonObject"
                                    >
                                      <div
                                        className="jsonRow"
                                      >
                                        <span
                                          className="jsonKey"
                                        >
                                          name
                                        </span>
                                        <span
                                          className="jsonValue"
                                        >
                                          <span
                                            className="jsonValue--string"
                                          >
                                            Broadway
                                          </span>
                                        </span>
                                      </div>
                                      <div
                                        className="jsonRow"
                                      >
                                        <span
                                          className="jsonKey"
                                        >
                                          number
                                        </span>
                                        <span
                                          className="jsonValue"
                                        >
                                          <span
                                            className="jsonValue--number"
                                          >
                                            123
                                          </span>
                                        </span>
                                      </div>
                                      <div
                                        className="jsonRow"
                                      >
                                        <span
                                          className="jsonMiddleKey"
                                        >
                                          apartment
                                        </span>
                                        <div
                                          className="jsonMiddleValue"
                                        >
                                          <div
                                            className="jsonMiddleWrapper"
                                          >
                                            <span
                                              className="surroundChar--start"
                                            >
                                              {
                                            </span>
                                            <details
                                              className="jsonObjectDetail"
                                              open={true}
                                            >
                                              <summary
                                                className="jsonObjectSummary"
                                              >
                                                {
                                                2
                                                }
                                              </summary>
                                              <span
                                                className="jsonObject"
                                              >
                                                <div
                                                  className="jsonRow"
                                                >
                                                  <span
                                                    className="jsonKey"
                                                  >
                                                    floor
                                                  </span>
                                                  <span
                                                    className="jsonValue"
                                                  >
                                                    <span
                                                      className="jsonValue--number"
                                                    >
                                                      5
                                                    </span>
                                                  </span>
                                                </div>
                                                <div
                                                  className="jsonRow"
                                                >
                                                  <span
                                                    className="jsonKey"
                                                  >
                                                    number
                                                  </span>
                                                  <span
                                                    className="jsonValue"
                                                  >
                                                    <span
                                                      className="jsonValue--number"
                                                    >
                                                      502
                                                    </span>
                                                  </span>
                                                </div>
                                              </span>
                                            </details>
                                          </div>
                                          <span>
                                            }
                                          </span>
                                        </div>
                                      </div>
                                    </span>
                                  </details>
                                </div>
                                <span>
                                  }
                                </span>
                              </div>
                            </div>
                          </span>
                        </details>
                      </div>
                      <span>
                        }
                      </span>
                    </div>
                  </div>
                  <div
                    className="jsonRow"
                  >
                    <span
                      className="jsonMiddleKey"
                    >
                      contact
                    </span>
                    <div
                      className="jsonMiddleValue"
                    >
                      <div
                        className="jsonMiddleWrapper"
                      >
                        <span
                          className="surroundChar--start"
                        >
                          {
                        </span>
                        <details
                          className="jsonObjectDetail"
                          open={true}
                        >
                          <summary
                            className="jsonObjectSummary"
                          >
                            {
                            2
                            }
                          </summary>
                          <span
                            className="jsonObject"
                          >
                            <div
                              className="jsonRow"
                            >
                              <span
                                className="jsonKey"
                              >
                                email
                              </span>
                              <span
                                className="jsonValue"
                              >
                                <span
                                  className="jsonValue--string"
                                >
                                  john.doe@example.com
                                </span>
                              </span>
                            </div>
                            <div
                              className="jsonRow"
                            >
                              <span
                                className="jsonMiddleKey"
                              >
                                phone
                              </span>
                              <div
                                className="jsonMiddleValue"
                              >
                                <div
                                  className="jsonMiddleWrapper"
                                >
                                  <span
                                    className="surroundChar--start"
                                  >
                                    {
                                  </span>
                                  <details
                                    className="jsonObjectDetail"
                                    open={true}
                                  >
                                    <summary
                                      className="jsonObjectSummary"
                                    >
                                      {
                                      2
                                      }
                                    </summary>
                                    <span
                                      className="jsonObject"
                                    >
                                      <div
                                        className="jsonRow"
                                      >
                                        <span
                                          className="jsonKey"
                                        >
                                          home
                                        </span>
                                        <span
                                          className="jsonValue"
                                        >
                                          <span
                                            className="jsonValue--string"
                                          >
                                            123-456-7890
                                          </span>
                                        </span>
                                      </div>
                                      <div
                                        className="jsonRow"
                                      >
                                        <span
                                          className="jsonKey"
                                        >
                                          work
                                        </span>
                                        <span
                                          className="jsonValue"
                                        >
                                          <span
                                            className="jsonValue--string"
                                          >
                                            987-654-3210
                                          </span>
                                        </span>
                                      </div>
                                    </span>
                                  </details>
                                </div>
                                <span>
                                  }
                                </span>
                              </div>
                            </div>
                          </span>
                        </details>
                      </div>
                      <span>
                        }
                      </span>
                    </div>
                  </div>
                  <div
                    className="jsonRow"
                  >
                    <span
                      className="jsonMiddleKey"
                    >
                      interests
                    </span>
                    <div
                      className="jsonMiddleValue"
                    >
                      <div
                        className="jsonMiddleWrapper"
                      >
                        <span
                          className="surroundChar--start"
                        >
                          [
                        </span>
                        <details
                          className="jsonObjectDetail"
                          open={true}
                        >
                          <summary
                            className="jsonObjectSummary"
                          >
                            [
                            3
                            ]
                          </summary>
                          <span
                            className="jsonObject"
                          >
                            <div
                              className="jsonRow"
                            >
                              <span
                                className="jsonKey"
                              >
                                0
                              </span>
                              <span
                                className="jsonValue"
                              >
                                <span
                                  className="jsonValue--string"
                                >
                                  programming
                                </span>
                              </span>
                            </div>
                            <div
                              className="jsonRow"
                            >
                              <span
                                className="jsonKey"
                              >
                                1
                              </span>
                              <span
                                className="jsonValue"
                              >
                                <span
                                  className="jsonValue--string"
                                >
                                  hiking
                                </span>
                              </span>
                            </div>
                            <div
                              className="jsonRow"
                            >
                              <span
                                className="jsonKey"
                              >
                                2
                              </span>
                              <span
                                className="jsonValue"
                              >
                                <span
                                  className="jsonValue--string"
                                >
                                  reading
                                </span>
                              </span>
                            </div>
                          </span>
                        </details>
                      </div>
                      <span>
                        ]
                      </span>
                    </div>
                  </div>
                  <div
                    className="jsonRow"
                  >
                    <span
                      className="jsonMiddleKey"
                    >
                      test
                    </span>
                    <div
                      className="jsonMiddleValue"
                    >
                      <div
                        className="jsonMiddleWrapper"
                      >
                        <span
                          className="surroundChar--start"
                        >
                          [
                        </span>
                        <details
                          className="jsonObjectDetail"
                          open={true}
                        >
                          <summary
                            className="jsonObjectSummary"
                          >
                            [
                            3
                            ]
                          </summary>
                          <span
                            className="jsonObject"
                          >
                            <div
                              className="jsonRow"
                            >
                              <span
                                className="jsonMiddleKey"
                              >
                                0
                              </span>
                              <div
                                className="jsonMiddleValue"
                              >
                                <div
                                  className="jsonMiddleWrapper"
                                >
                                  <span
                                    className="surroundChar--start"
                                  >
                                    {
                                  </span>
                                  <details
                                    className="jsonObjectDetail"
                                    open={true}
                                  >
                                    <summary
                                      className="jsonObjectSummary"
                                    >
                                      {
                                      1
                                      }
                                    </summary>
                                    <span
                                      className="jsonObject"
                                    >
                                      <div
                                        className="jsonRow"
                                      >
                                        <span
                                          className="jsonKey"
                                        >
                                          a
                                        </span>
                                        <span
                                          className="jsonValue"
                                        >
                                          <span
                                            className="jsonValue--number"
                                          >
                                            1
                                          </span>
                                        </span>
                                      </div>
                                    </span>
                                  </details>
                                </div>
                                <span>
                                  }
                                </span>
                              </div>
                            </div>
                            <div
                              className="jsonRow"
                            >
                              <span
                                className="jsonMiddleKey"
                              >
                                1
                              </span>
                              <div
                                className="jsonMiddleValue"
                              >
                                <div
                                  className="jsonMiddleWrapper"
                                >
                                  <span
                                    className="surroundChar--start"
                                  >
                                    {
                                  </span>
                                  <details
                                    className="jsonObjectDetail"
                                    open={true}
                                  >
                                    <summary
                                      className="jsonObjectSummary"
                                    >
                                      {
                                      1
                                      }
                                    </summary>
                                    <span
                                      className="jsonObject"
                                    >
                                      <div
                                        className="jsonRow"
                                      >
                                        <span
                                          className="jsonKey"
                                        >
                                          a
                                        </span>
                                        <span
                                          className="jsonValue"
                                        >
                                          <span
                                            className="jsonValue--number"
                                          >
                                            2
                                          </span>
                                        </span>
                                      </div>
                                    </span>
                                  </details>
                                </div>
                                <span>
                                  }
                                </span>
                              </div>
                            </div>
                            <div
                              className="jsonRow"
                            >
                              <span
                                className="jsonMiddleKey"
                              >
                                2
                              </span>
                              <div
                                className="jsonMiddleValue"
                              >
                                <div
                                  className="jsonMiddleWrapper"
                                >
                                  <span
                                    className="surroundChar--start"
                                  >
                                    {
                                  </span>
                                  <details
                                    className="jsonObjectDetail"
                                    open={true}
                                  >
                                    <summary
                                      className="jsonObjectSummary"
                                    >
                                      {
                                      1
                                      }
                                    </summary>
                                    <span
                                      className="jsonObject"
                                    >
                                      <div
                                        className="jsonRow"
                                      >
                                        <span
                                          className="jsonKey"
                                        >
                                          a
                                        </span>
                                        <span
                                          className="jsonValue"
                                        >
                                          <span
                                            className="jsonValue--number"
                                          >
                                            3
                                          </span>
                                        </span>
                                      </div>
                                    </span>
                                  </details>
                                </div>
                                <span>
                                  }
                                </span>
                              </div>
                            </div>
                          </span>
                        </details>
                      </div>
                      <span>
                        ]
                      </span>
                    </div>
                  </div>
                </span>
              </details>
            </div>
            <span>
              }
            </span>
          </div>
        </div>
      </span>
    </details>
  </div>,
  <span>
    }
  </span>,
]
`;
